../Core/Src/stm32g0xx_it.c:90:6:NMI_Handler	8	static
../Core/Src/stm32g0xx_it.c:105:6:HardFault_Handler	8	static
../Core/Src/stm32g0xx_it.c:127:6:EXTI4_15_IRQHandler	8	static
../Core/Src/stm32g0xx_it.c:144:6:TIM6_IRQHandler	8	static
../Core/Src/stm32g0xx_it.c:158:6:TIM7_IRQHandler	8	static
../Core/Src/stm32g0xx_it.c:174:6:TIM14_IRQHandler	8	static
../Core/Src/stm32g0xx_it.c:189:6:TIM17_IRQHandler	8	static
../Core/Src/stm32g0xx_it.c:205:6:USART1_IRQHandler	16	static
../Core/Src/stm32g0xx_it.c:223:6:USART2_IRQHandler	8	static
