../Core/Src/tim.c:36:6:MX_TIM1_Init	64	static
../Core/Src/tim.c:82:6:MX_TIM3_Init	64	static
../Core/Src/tim.c:126:6:MX_TIM7_Init	24	static
../Core/Src/tim.c:159:6:MX_TIM14_Init	24	static
../Core/Src/tim.c:199:6:MX_TIM15_Init	120	static
../Core/Src/tim.c:270:6:MX_TIM16_Init	88	static
../Core/Src/tim.c:328:6:MX_TIM17_Init	8	static
../Core/Src/tim.c:355:6:HAL_TIM_Encoder_MspInit	64	static
../Core/Src/tim.c:409:6:HAL_TIM_Base_MspInit	64	static
../Core/Src/tim.c:492:6:HAL_TIM_MspPostInit	56	static
../Core/Src/tim.c:557:6:HAL_TIM_Encoder_MspDeInit	16	static
../Core/Src/tim.c:598:6:HAL_TIM_Base_MspDeInit	16	static
